[backblue.gif]
[fade.gif]
[index.html]
[demo.frontted.com/flowdash/120/assets/images/256_daniel-gaffey-1060698-unsplash.jpg]
[demo.frontted.com/flowdash/120/assets/images/avatar/demi.png]
[demo.frontted.com/flowdash/120/assets/images/256_rsz_1andy-lee-642320-unsplash.jpg]
[demo.frontted.com/flowdash/120/assets/images/256_michael-dam-258165-unsplash.jpg]
[demo.frontted.com/flowdash/120/assets/images/256_luke-porter-261779-unsplash.jpg]
[demo.frontted.com/flowdash/120/assets/images/posts/fabian-irsara-92113.jpg]
[demo.frontted.com/flowdash/120/assets/images/posts/luke-chesser-2347.jpg]
[demo.frontted.com/flowdash/120/assets/images/posts/thought-catalog-214785.jpg]
[demo.frontted.com/flowdash/120/assets/images/posts/linkedin-sales-navigator-402873.jpg]
[demo.frontted.com/flowdash/120/assets/images/avatars/andrew-robles-300868.jpg]
[demo.frontted.com/flowdash/120/assets/images/avatars/lucas-sankey-378674.jpg]
[demo.frontted.com/flowdash/120/assets/vendor/jquery.min.js]
[demo.frontted.com/flowdash/120/assets/vendor/popper.min.js]
[demo.frontted.com/flowdash/120/assets/vendor/bootstrap.min.js]
[demo.frontted.com/flowdash/120/assets/vendor/perfect-scrollbar.min.js]
[demo.frontted.com/flowdash/120/assets/vendor/dom-factory.js]
[demo.frontted.com/flowdash/120/assets/vendor/material-design-kit.js]
[demo.frontted.com/flowdash/120/assets/js/toggle-check-all.js]
[demo.frontted.com/flowdash/120/assets/js/check-selected-row.js]
[demo.frontted.com/flowdash/120/assets/js/dropdown.js]
[demo.frontted.com/flowdash/120/assets/js/sidebar-mini.js]
[demo.frontted.com/flowdash/120/assets/js/app.js]
[demo.frontted.com/flowdash/120/assets/js/app-settings.js]
[demo.frontted.com/flowdash/120/assets/vendor/flatpickr/flatpickr.min.js]
[demo.frontted.com/flowdash/120/assets/js/flatpickr.js]
[demo.frontted.com/flowdash/120/assets/js/settings.js]
[demo.frontted.com/flowdash/120/assets/vendor/moment.min.js]
[demo.frontted.com/flowdash/120/assets/vendor/moment-range.js]
[demo.frontted.com/flowdash/120/assets/vendor/Chart.min.js]
[demo.frontted.com/flowdash/120/assets/js/charts.js]
[demo.frontted.com/flowdash/120/assets/js/chartjs-rounded-bar.js]
[demo.frontted.com/flowdash/120/assets/js/page.dashboard.js]
[demo.frontted.com/flowdash/120/assets/js/progress-charts.js]
[demo.frontted.com/flowdash/120/assets/vendor/jqvmap/jquery.vmap.min.js]
[demo.frontted.com/flowdash/120/assets/vendor/jqvmap/maps/jquery.vmap.world.js]
[demo.frontted.com/flowdash/120/assets/js/vector-maps.js]
[demo.frontted.com/flowdash/120/index.html]
[demo.frontted.com/flowdash/120/assets/vendor/perfect-scrollbar.css]
[demo.frontted.com/flowdash/120/assets/images/login/alexandre-godreau-431553-unsplash.jpg]
[demo.frontted.com/flowdash/120/assets/images/marker/blue.png]
[demo.frontted.com/flowdash/120/assets/css/app.css]
[demo.frontted.com/flowdash/120/assets/css/app.rtl.css]
[demo.frontted.com/flowdash/120/assets/fonts/material-icons/MaterialIcons-Regular.eot]
[demo.frontted.com/flowdash/120/assets/fonts/material-icons/MaterialIcons-Regular.woff2]
[demo.frontted.com/flowdash/120/assets/fonts/material-icons/MaterialIcons-Regular.woff]
[demo.frontted.com/flowdash/120/assets/fonts/material-icons/MaterialIcons-Regular.ttf]
[demo.frontted.com/flowdash/120/assets/css/vendor-material-icons.css]
[demo.frontted.com/flowdash/120/assets/css/vendor-material-icons.rtl.css]
[demo.frontted.com/flowdash/120/assets/fonts/fontawesome-free/fa-brands-400.eot]
[demo.frontted.com/flowdash/120/assets/fonts/fontawesome-free/fa-brands-400d41d.eot]
[demo.frontted.com/flowdash/120/assets/fonts/fontawesome-free/fa-brands-400.woff2]
[demo.frontted.com/flowdash/120/assets/fonts/fontawesome-free/fa-brands-400.woff]
[demo.frontted.com/flowdash/120/assets/fonts/fontawesome-free/fa-brands-400.ttf]
[demo.frontted.com/flowdash/120/assets/fonts/fontawesome-free/fa-solid-900.eot]
[demo.frontted.com/flowdash/120/assets/fonts/fontawesome-free/fa-solid-900d41d.eot]
[demo.frontted.com/flowdash/120/assets/fonts/fontawesome-free/fa-solid-900.woff2]
[demo.frontted.com/flowdash/120/assets/fonts/fontawesome-free/fa-solid-900.woff]
[demo.frontted.com/flowdash/120/assets/fonts/fontawesome-free/fa-solid-900.ttf]
[demo.frontted.com/flowdash/120/assets/fonts/fontawesome-free/fa-regular-400.eot]
[demo.frontted.com/flowdash/120/assets/fonts/fontawesome-free/fa-regular-400d41d.eot]
[demo.frontted.com/flowdash/120/assets/fonts/fontawesome-free/fa-regular-400.woff2]
[demo.frontted.com/flowdash/120/assets/fonts/fontawesome-free/fa-regular-400.woff]
[demo.frontted.com/flowdash/120/assets/fonts/fontawesome-free/fa-regular-400.ttf]
[demo.frontted.com/flowdash/120/assets/css/vendor-fontawesome-free.css]
[demo.frontted.com/flowdash/120/assets/css/vendor-fontawesome-free.rtl.css]
[demo.frontted.com/flowdash/120/assets/css/vendor-flatpickr.css]
[demo.frontted.com/flowdash/120/assets/css/vendor-flatpickr.rtl.css]
[demo.frontted.com/flowdash/120/assets/css/vendor-flatpickr-airbnb.css]
[demo.frontted.com/flowdash/120/assets/css/vendor-flatpickr-airbnb.rtl.css]
[demo.frontted.com/flowdash/120/assets/vendor/jqvmap/jqvmap.min.css]
[demo.frontted.com/flowdash/120/profile.html]
[demo.frontted.com/flowdash/120/assets/vendor/dropzone.min.js]
[demo.frontted.com/flowdash/120/assets/js/dropzone.js]
[demo.frontted.com/flowdash/120/edit-account.html]
[demo.frontted.com/flowdash/120/login.html]
[demo.frontted.com/flowdash/120/assets/images/256_jeremy-banks-798787-unsplash.jpg]
[demo.frontted.com/flowdash/120/assets/images/256_joao-silas-636453-unsplash.jpg]
[demo.frontted.com/flowdash/120/assets/js/page.analytics.js]
[demo.frontted.com/flowdash/120/analytics.html]
[demo.frontted.com/flowdash/120/assets/js/page.staff.js]
[demo.frontted.com/flowdash/120/staff.html]
[demo.frontted.com/flowdash/120/assets/js/page.ecommerce.js]
[demo.frontted.com/flowdash/120/ecommerce.html]
[demo.frontted.com/flowdash/120/dashboard-quick-access.html]
[demo.frontted.com/flowdash/120/app-activities.html]
[demo.frontted.com/flowdash/120/assets/vendor/dragula/dragula.min.js]
[demo.frontted.com/flowdash/120/assets/js/dragula.js]
[demo.frontted.com/flowdash/120/app-trello.html]
[demo.frontted.com/flowdash/120/app-projects.html]
[demo.frontted.com/flowdash/120/assets/vendor/jquery-ui.min.js]
[demo.frontted.com/flowdash/120/assets/vendor/fullcalendar/fullcalendar.min.js]
[demo.frontted.com/flowdash/120/assets/js/fullcalendar.js]
[demo.frontted.com/flowdash/120/app-fullcalendar.html]
[demo.frontted.com/flowdash/120/assets/images/stories/256_rsz_dex-ezekiel-761373-unsplash.jpg]
[demo.frontted.com/flowdash/120/app-chat.html]
[demo.frontted.com/flowdash/120/app-email.html]
[demo.frontted.com/flowdash/120/assets/images/logos/gitlab.png]
[demo.frontted.com/flowdash/120/app-browse-courses.html]
[demo.frontted.com/flowdash/120/app-course.html]
[player.vimeo.com/api/player.js]
[demo.frontted.com/flowdash/120/app-lesson.html]
[demo.frontted.com/flowdash/120/companies.html]
[demo.frontted.com/flowdash/120/assets/images/stories/256_rsz_clem-onojeghuo-193397-unsplash.jpg]
[demo.frontted.com/flowdash/120/assets/images/stories/256_rsz_rhema-kallianpur-275251-unsplash.jpg]
[demo.frontted.com/flowdash/120/assets/images/stories/256_rsz_euan-carmichael-666378-unsplash.jpg]
[demo.frontted.com/flowdash/120/assets/images/stories/256_rsz_jared-rice-388260-unsplash.jpg]
[demo.frontted.com/flowdash/120/stories.html]
[demo.frontted.com/flowdash/120/discussions.html]
[demo.frontted.com/flowdash/120/invoice.html]
[demo.frontted.com/flowdash/120/pricing.html]
[demo.frontted.com/flowdash/120/payout.html]
[s3.eu-central-1.amazonaws.com/frontted-rails/products/stack-admin/images/stack-admin-m7i928li.png]
[demo.frontted.com/flowdash/120/digital-product.html]
[demo.frontted.com/flowdash/120/login-centered-boxed.html]
[demo.frontted.com/flowdash/120/signup.html]
[demo.frontted.com/flowdash/120/signup-centered-boxed.html]
[demo.frontted.com/flowdash/120/assets/images/avatars/clem-onojeghuo-192088.jpg]
[demo.frontted.com/flowdash/120/assets/images/avatars/lobostudio-hamburg-64728.jpg]
[demo.frontted.com/flowdash/120/assets/images/avatars/nina-strehl-140734.jpg]
[demo.frontted.com/flowdash/120/product-listing.html]
[demo.frontted.com/flowdash/120/blank.html]
[demo.frontted.com/flowdash/120/fluid-dashboard.html]
[demo.frontted.com/flowdash/120/fixed-dashboard.html]
[demo.frontted.com/flowdash/120/mini-dashboard.html]
[demo.frontted.com/flowdash/120/ui-buttons.html]
[demo.frontted.com/flowdash/120/assets/vendor/toastr.min.js]
[demo.frontted.com/flowdash/120/assets/js/toastr.js]
[demo.frontted.com/flowdash/120/ui-alerts.html]
[demo.frontted.com/flowdash/120/assets/images/256_s-a-r-a-h-s-h-a-r-p-764291-unsplash.jpg]
[demo.frontted.com/flowdash/120/ui-avatars.html]
[demo.frontted.com/flowdash/120/ui-modals.html]
[demo.frontted.com/flowdash/120/assets/js/page.ui-charts.js]
[demo.frontted.com/flowdash/120/ui-charts.html]
[demo.frontted.com/flowdash/120/assets/js/app-icons.js]
[demo.frontted.com/flowdash/120/ui-icons.html]
[demo.frontted.com/flowdash/120/assets/vendor/jquery.mask.min.js]
[demo.frontted.com/flowdash/120/assets/vendor/quill.min.js]
[demo.frontted.com/flowdash/120/assets/js/quill.js]
[demo.frontted.com/flowdash/120/assets/vendor/select2/select2.min.js]
[demo.frontted.com/flowdash/120/assets/js/select2.js]
[demo.frontted.com/flowdash/120/ui-forms.html]
[demo.frontted.com/flowdash/120/assets/vendor/ion.rangeSlider.min.js]
[demo.frontted.com/flowdash/120/assets/js/ion-rangeslider.js]
[demo.frontted.com/flowdash/120/ui-range-sliders.html]
[demo.frontted.com/flowdash/120/assets/vendor/daterangepicker.js]
[demo.frontted.com/flowdash/120/assets/js/daterangepicker.js]
[demo.frontted.com/flowdash/120/ui-datetime.html]
[demo.frontted.com/flowdash/120/assets/vendor/list.min.js]
[demo.frontted.com/flowdash/120/assets/js/list.js]
[demo.frontted.com/flowdash/120/ui-tables.html]
[demo.frontted.com/flowdash/120/ui-tabs.html]
[demo.frontted.com/flowdash/120/ui-loaders.html]
[demo.frontted.com/flowdash/120/ui-drag.html]
[demo.frontted.com/flowdash/120/ui-pagination.html]
[demo.frontted.com/flowdash/120/assets/data/vector-maps/mall-map.js]
[demo.frontted.com/flowdash/120/assets/data/vector-maps/gdp-data.js]
[demo.frontted.com/flowdash/120/assets/js/page.ui-vector-maps.js]
[demo.frontted.com/flowdash/120/ui-vector-maps.html]
[demo.frontted.com/flowdash/120/assets/fonts/fontawesome-free/fa-brands-400.svg]
[demo.frontted.com/flowdash/120/assets/fonts/fontawesome-free/fa-solid-900.svg]
[demo.frontted.com/flowdash/120/assets/fonts/fontawesome-free/fa-regular-400.svg]
[demo.frontted.com/flowdash/120/assets/images/choose/demo1.png]
[demo.frontted.com/flowdash/120/fluid-profile.html]
[demo.frontted.com/flowdash/120/fixed-profile.html]
[demo.frontted.com/flowdash/120/mini-profile.html]
[demo.frontted.com/flowdash/120/assets/css/vendor-dropzone.css]
[demo.frontted.com/flowdash/120/assets/css/vendor-dropzone.rtl.css]
[demo.frontted.com/flowdash/120/assets/images/account-add-photo.svg]
[demo.frontted.com/flowdash/120/fluid-edit-account.html]
[demo.frontted.com/flowdash/120/fixed-edit-account.html]
[demo.frontted.com/flowdash/120/mini-edit-account.html]
[demo.frontted.com/flowdash/120/assets/images/stack-logo-blue.svg]
[demo.frontted.com/flowdash/120/assets/images/avatar/green.svg]
[demo.frontted.com/flowdash/120/fluid-analytics.html]
[demo.frontted.com/flowdash/120/fixed-analytics.html]
[demo.frontted.com/flowdash/120/mini-analytics.html]
[demo.frontted.com/flowdash/120/fluid-staff.html]
[demo.frontted.com/flowdash/120/fixed-staff.html]
[demo.frontted.com/flowdash/120/mini-staff.html]
[demo.frontted.com/flowdash/120/fluid-ecommerce.html]
[demo.frontted.com/flowdash/120/fixed-ecommerce.html]
[demo.frontted.com/flowdash/120/mini-ecommerce.html]
[demo.frontted.com/flowdash/120/fluid-dashboard-quick-access.html]
[demo.frontted.com/flowdash/120/fixed-dashboard-quick-access.html]
[demo.frontted.com/flowdash/120/mini-dashboard-quick-access.html]
[demo.frontted.com/flowdash/120/fluid-app-activities.html]
[demo.frontted.com/flowdash/120/fixed-app-activities.html]
[demo.frontted.com/flowdash/120/mini-app-activities.html]
[demo.frontted.com/flowdash/120/assets/vendor/dragula/dragula.min.css]
[demo.frontted.com/flowdash/120/fluid-app-trello.html]
[demo.frontted.com/flowdash/120/fixed-app-trello.html]
[demo.frontted.com/flowdash/120/mini-app-trello.html]
[demo.frontted.com/flowdash/120/fluid-app-projects.html]
[demo.frontted.com/flowdash/120/fixed-app-projects.html]
[demo.frontted.com/flowdash/120/mini-app-projects.html]
[demo.frontted.com/flowdash/120/assets/vendor/fullcalendar/fullcalendar.min.css]
[demo.frontted.com/flowdash/120/fluid-app-fullcalendar.html]
[demo.frontted.com/flowdash/120/fixed-app-fullcalendar.html]
[demo.frontted.com/flowdash/120/mini-app-fullcalendar.html]
[demo.frontted.com/flowdash/120/fluid-app-chat.html]
[demo.frontted.com/flowdash/120/fixed-app-chat.html]
[demo.frontted.com/flowdash/120/mini-app-chat.html]
[demo.frontted.com/flowdash/120/fluid-app-email.html]
[demo.frontted.com/flowdash/120/fixed-app-email.html]
[demo.frontted.com/flowdash/120/mini-app-email.html]
[demo.frontted.com/flowdash/120/assets/images/logos/react.svg]
[demo.frontted.com/flowdash/120/assets/images/logos/vuejs.svg]
[demo.frontted.com/flowdash/120/assets/images/logos/angular.svg]
[demo.frontted.com/flowdash/120/assets/images/logos/javascript.svg]
[demo.frontted.com/flowdash/120/assets/images/logos/node.svg]
[demo.frontted.com/flowdash/120/fluid-app-browse-courses.html]
[demo.frontted.com/flowdash/120/fixed-app-browse-courses.html]
[demo.frontted.com/flowdash/120/mini-app-browse-courses.html]
[demo.frontted.com/flowdash/120/fluid-app-course.html]
[demo.frontted.com/flowdash/120/fixed-app-course.html]
[demo.frontted.com/flowdash/120/mini-app-course.html]
[demo.frontted.com/flowdash/120/fluid-app-lesson.html]
[demo.frontted.com/flowdash/120/fixed-app-lesson.html]
[demo.frontted.com/flowdash/120/mini-app-lesson.html]
[demo.frontted.com/flowdash/120/fluid-companies.html]
[demo.frontted.com/flowdash/120/fixed-companies.html]
[demo.frontted.com/flowdash/120/mini-companies.html]
[demo.frontted.com/flowdash/120/fluid-stories.html]
[demo.frontted.com/flowdash/120/fixed-stories.html]
[demo.frontted.com/flowdash/120/mini-stories.html]
[demo.frontted.com/flowdash/120/fluid-discussions.html]
[demo.frontted.com/flowdash/120/fixed-discussions.html]
[demo.frontted.com/flowdash/120/mini-discussions.html]
[demo.frontted.com/flowdash/120/fluid-invoice.html]
[demo.frontted.com/flowdash/120/fixed-invoice.html]
[demo.frontted.com/flowdash/120/mini-invoice.html]
[demo.frontted.com/flowdash/120/fluid-pricing.html]
[demo.frontted.com/flowdash/120/fixed-pricing.html]
[demo.frontted.com/flowdash/120/mini-pricing.html]
[demo.frontted.com/flowdash/120/assets/images/paypal.svg]
[demo.frontted.com/flowdash/120/fluid-payout.html]
[demo.frontted.com/flowdash/120/fixed-payout.html]
[demo.frontted.com/flowdash/120/mini-payout.html]
[demo.frontted.com/flowdash/120/fluid-digital-product.html]
[demo.frontted.com/flowdash/120/fixed-digital-product.html]
[demo.frontted.com/flowdash/120/mini-digital-product.html]
[demo.frontted.com/flowdash/120/fluid-product-listing.html]
[demo.frontted.com/flowdash/120/fixed-product-listing.html]
[demo.frontted.com/flowdash/120/mini-product-listing.html]
[demo.frontted.com/flowdash/120/fluid-blank.html]
[demo.frontted.com/flowdash/120/fixed-blank.html]
[demo.frontted.com/flowdash/120/mini-blank.html]
[demo.frontted.com/flowdash/120/fluid-login.html]
[demo.frontted.com/flowdash/120/fluid-ui-buttons.html]
[demo.frontted.com/flowdash/120/fluid-ui-alerts.html]
[demo.frontted.com/flowdash/120/fluid-ui-avatars.html]
[demo.frontted.com/flowdash/120/fluid-ui-modals.html]
[demo.frontted.com/flowdash/120/fluid-ui-charts.html]
[demo.frontted.com/flowdash/120/fluid-ui-icons.html]
[demo.frontted.com/flowdash/120/fluid-ui-forms.html]
[demo.frontted.com/flowdash/120/fluid-ui-range-sliders.html]
[demo.frontted.com/flowdash/120/fluid-ui-datetime.html]
[demo.frontted.com/flowdash/120/fluid-ui-tables.html]
[demo.frontted.com/flowdash/120/fluid-ui-tabs.html]
[demo.frontted.com/flowdash/120/fluid-ui-loaders.html]
[demo.frontted.com/flowdash/120/fluid-ui-drag.html]
[demo.frontted.com/flowdash/120/fluid-ui-pagination.html]
[demo.frontted.com/flowdash/120/fluid-ui-vector-maps.html]
[demo.frontted.com/flowdash/120/fixed-login.html]
[demo.frontted.com/flowdash/120/fixed-ui-buttons.html]
[demo.frontted.com/flowdash/120/fixed-ui-alerts.html]
[demo.frontted.com/flowdash/120/fixed-ui-avatars.html]
[demo.frontted.com/flowdash/120/fixed-ui-modals.html]
[demo.frontted.com/flowdash/120/fixed-ui-charts.html]
[demo.frontted.com/flowdash/120/fixed-ui-icons.html]
[demo.frontted.com/flowdash/120/fixed-ui-forms.html]
[demo.frontted.com/flowdash/120/fixed-ui-range-sliders.html]
[demo.frontted.com/flowdash/120/fixed-ui-datetime.html]
[demo.frontted.com/flowdash/120/fixed-ui-tables.html]
[demo.frontted.com/flowdash/120/fixed-ui-tabs.html]
[demo.frontted.com/flowdash/120/fixed-ui-loaders.html]
[demo.frontted.com/flowdash/120/fixed-ui-drag.html]
[demo.frontted.com/flowdash/120/fixed-ui-pagination.html]
[demo.frontted.com/flowdash/120/fixed-ui-vector-maps.html]
[demo.frontted.com/flowdash/120/mini-ui-buttons.html]
[demo.frontted.com/flowdash/120/mini-ui-alerts.html]
[demo.frontted.com/flowdash/120/mini-ui-avatars.html]
[demo.frontted.com/flowdash/120/mini-ui-modals.html]
[demo.frontted.com/flowdash/120/mini-ui-charts.html]
[demo.frontted.com/flowdash/120/mini-ui-icons.html]
[demo.frontted.com/flowdash/120/mini-ui-forms.html]
[demo.frontted.com/flowdash/120/mini-ui-range-sliders.html]
[demo.frontted.com/flowdash/120/mini-ui-datetime.html]
[demo.frontted.com/flowdash/120/mini-ui-tables.html]
[demo.frontted.com/flowdash/120/mini-ui-tabs.html]
[demo.frontted.com/flowdash/120/mini-ui-loaders.html]
[demo.frontted.com/flowdash/120/mini-ui-drag.html]
[demo.frontted.com/flowdash/120/mini-ui-pagination.html]
[demo.frontted.com/flowdash/120/mini-ui-vector-maps.html]
[demo.frontted.com/flowdash/120/mini-login.html]
[demo.frontted.com/flowdash/120/assets/vendor/toastr.min.css]
[demo.frontted.com/flowdash/120/assets/css/vendor-quill.css]
[demo.frontted.com/flowdash/120/assets/css/vendor-quill.rtl.css]
[demo.frontted.com/flowdash/120/assets/css/vendor-select2.css]
[demo.frontted.com/flowdash/120/assets/css/vendor-select2.rtl.css]
[demo.frontted.com/flowdash/120/assets/vendor/select2/select2.min.css]
[demo.frontted.com/flowdash/120/assets/images/avatar/blue.svg]
[demo.frontted.com/flowdash/120/assets/css/vendor-ion-rangeslider.css]
[demo.frontted.com/flowdash/120/assets/css/vendor-ion-rangeslider.rtl.css]
[demo.frontted.com/flowdash/120/assets/vendor/daterangepicker.css]
[demo.frontted.com/flowdash/120/fluid-projects.html]
